// Jest Snapshot v1, https://goo.gl/fbAQLP

exports[`failGettingPwdTokenAsUserDoesNotExist`] = `
Object {
  "error": "Internal Server Error",
  "message": "An internal server error occurred",
  "statusCode": 500,
}
`;

exports[`failPatchingUserWithNonValidEmail`] = `
Object {
  "error": "Bad Request",
  "message": "Invalid request payload input",
  "statusCode": 400,
}
`;

exports[`failRegistrationPwdToWeak`] = `
Object {
  "error": "Bad Request",
  "message": "Password is to weak",
  "statusCode": 400,
}
`;

exports[`failRegistrationWithExistingUser`] = `
Object {
  "error": "Bad Request",
  "message": "User already exists",
  "statusCode": 400,
}
`;

exports[`failRegistrationWithNonValidEmail`] = `
Object {
  "error": "Bad Request",
  "message": "Invalid request payload input",
  "statusCode": 400,
}
`;

exports[`failToGetTokenViaRefreshToken`] = `
Object {
  "error": "Bad Request",
  "message": "Invalid login",
  "statusCode": 400,
}
`;

exports[`failToGetTokenWithNonExistingUser`] = `
Object {
  "error": "Bad Request",
  "message": "Invalid login",
  "statusCode": 400,
}
`;

exports[`failToGetTokenWithWrongPwd`] = `
Object {
  "error": "Bad Request",
  "message": "Invalid login",
  "statusCode": 400,
}
`;

exports[`getExistingPwdToken`] = `
Object {
  "validUntil": "__PLACEHOLDER_FOR_validUntil__",
}
`;

exports[`getNewPwdToken`] = `
Object {
  "validUntil": "__PLACEHOLDER_FOR_validUntil__",
}
`;

exports[`getTokenViaPwd`] = `
Object {
  "accessToken": "__PLACEHOLDER_FOR_accessToken__",
  "expiresIn": 86400000,
  "refreshToken": "__PLACEHOLDER_FOR_refreshToken__",
  "tokenType": "Bearer",
}
`;

exports[`getTokenViaRefreshToken`] = `
Object {
  "accessToken": "__PLACEHOLDER_FOR_accessToken__",
  "expiresIn": 86400000,
  "refreshToken": "__PLACEHOLDER_FOR_refreshToken__",
  "tokenType": "Bearer",
}
`;

exports[`patchName`] = `
Object {
  "name": "John Doe",
  "uid": "12ab55e3-1418-418b-abbf-35d8cc68d477",
  "username": "user1@test.com",
}
`;

exports[`patchNameAndUsername`] = `
Object {
  "name": "John Doe",
  "uid": "12ab55e3-1418-418b-abbf-35d8cc68d477",
  "username": "john@doe.com",
}
`;

exports[`patchUsername`] = `
Object {
  "name": "User 1",
  "uid": "12ab55e3-1418-418b-abbf-35d8cc68d477",
  "username": "john@doe.com",
}
`;

exports[`registration`] = `
Object {
  "accessToken": "__PLACEHOLDER_FOR_accessToken__",
  "expiresIn": 86400000,
  "refreshToken": "__PLACEHOLDER_FOR_refreshToken__",
  "tokenType": "Bearer",
}
`;

exports[`resetpwd`] = `
Object {
  "accessToken": "__PLACEHOLDER_FOR_accessToken__",
  "expiresIn": 86400000,
  "refreshToken": "__PLACEHOLDER_FOR_refreshToken__",
  "tokenType": "Bearer",
}
`;

exports[`resetpwdNotMatchingError`] = `
Object {
  "error": "Bad Request",
  "message": "Current Pwd does not match",
  "statusCode": 400,
}
`;

exports[`resetpwdWeakError`] = `
Object {
  "error": "Bad Request",
  "message": "Password is to weak",
  "statusCode": 400,
}
`;
